// Jest Snapshot v1, https://goo.gl/fbAQLP

exports[`Stream Atom feed 1`] = `
[
  {
    "data": [
      "?xml",
      "?xml version="1.0" encoding="utf-8"?",
    ],
    "endIndex": 37,
    "event": "processinginstruction",
    "startIndex": 0,
  },
  {
    "data": [
      "
",
    ],
    "endIndex": 38,
    "event": "text",
    "startIndex": 38,
  },
  {
    "data": [
      " http://en.wikipedia.org/wiki/Atom_%28standard%29 ",
    ],
    "endIndex": 95,
    "event": "comment",
    "startIndex": 39,
  },
  {
    "data": [],
    "endIndex": 95,
    "event": "commentend",
    "startIndex": 39,
  },
  {
    "data": [
      "
",
    ],
    "endIndex": 96,
    "event": "text",
    "startIndex": 96,
  },
  {
    "data": [
      "feed",
    ],
    "endIndex": 102,
    "event": "opentagname",
    "startIndex": 97,
  },
  {
    "data": [
      "xmlns",
      "http://www.w3.org/2005/Atom",
      """,
    ],
    "endIndex": 137,
    "event": "attribute",
    "startIndex": 103,
  },
  {
    "data": [
      "feed",
      {
        "xmlns": "http://www.w3.org/2005/Atom",
      },
      false,
    ],
    "endIndex": 138,
    "event": "opentag",
    "startIndex": 97,
  },
  {
    "data": [
      "
	",
    ],
    "endIndex": 140,
    "event": "text",
    "startIndex": 139,
  },
  {
    "data": [
      "title",
    ],
    "endIndex": 147,
    "event": "opentagname",
    "startIndex": 141,
  },
  {
    "data": [
      "title",
      {},
      false,
    ],
    "endIndex": 147,
    "event": "opentag",
    "startIndex": 141,
  },
  {
    "data": [
      "Example Feed",
    ],
    "endIndex": 159,
    "event": "text",
    "startIndex": 148,
  },
  {
    "data": [
      "title",
      false,
    ],
    "endIndex": 167,
    "event": "closetag",
    "startIndex": 160,
  },
  {
    "data": [
      "
	",
    ],
    "endIndex": 169,
    "event": "text",
    "startIndex": 168,
  },
  {
    "data": [
      "subtitle",
    ],
    "endIndex": 179,
    "event": "opentagname",
    "startIndex": 170,
  },
  {
    "data": [
      "subtitle",
      {},
      false,
    ],
    "endIndex": 179,
    "event": "opentag",
    "startIndex": 170,
  },
  {
    "data": [
      "A subtitle.",
    ],
    "endIndex": 190,
    "event": "text",
    "startIndex": 180,
  },
  {
    "data": [
      "subtitle",
      false,
    ],
    "endIndex": 201,
    "event": "closetag",
    "startIndex": 191,
  },
  {
    "data": [
      "
	",
    ],
    "endIndex": 203,
    "event": "text",
    "startIndex": 202,
  },
  {
    "data": [
      "link",
    ],
    "endIndex": 209,
    "event": "opentagname",
    "startIndex": 204,
  },
  {
    "data": [
      "href",
      "http://example.org/feed/",
      """,
    ],
    "endIndex": 240,
    "event": "attribute",
    "startIndex": 210,
  },
  {
    "data": [
      "rel",
      "self",
      """,
    ],
    "endIndex": 251,
    "event": "attribute",
    "startIndex": 242,
  },
  {
    "data": [
      "link",
      {
        "href": "http://example.org/feed/",
        "rel": "self",
      },
      false,
    ],
    "endIndex": 254,
    "event": "opentag",
    "startIndex": 204,
  },
  {
    "data": [
      "link",
      true,
    ],
    "endIndex": 254,
    "event": "closetag",
    "startIndex": 204,
  },
  {
    "data": [
      "
	",
    ],
    "endIndex": 256,
    "event": "text",
    "startIndex": 255,
  },
  {
    "data": [
      "link",
    ],
    "endIndex": 262,
    "event": "opentagname",
    "startIndex": 257,
  },
  {
    "data": [
      "href",
      "http://example.org/",
      """,
    ],
    "endIndex": 288,
    "event": "attribute",
    "startIndex": 263,
  },
  {
    "data": [
      "link",
      {
        "href": "http://example.org/",
      },
      false,
    ],
    "endIndex": 291,
    "event": "opentag",
    "startIndex": 257,
  },
  {
    "data": [
      "link",
      true,
    ],
    "endIndex": 291,
    "event": "closetag",
    "startIndex": 257,
  },
  {
    "data": [
      "
	",
    ],
    "endIndex": 293,
    "event": "text",
    "startIndex": 292,
  },
  {
    "data": [
      "id",
    ],
    "endIndex": 297,
    "event": "opentagname",
    "startIndex": 294,
  },
  {
    "data": [
      "id",
      {},
      false,
    ],
    "endIndex": 297,
    "event": "opentag",
    "startIndex": 294,
  },
  {
    "data": [
      "urn:uuid:60a76c80-d399-11d9-b91C-0003939e0af6",
    ],
    "endIndex": 342,
    "event": "text",
    "startIndex": 298,
  },
  {
    "data": [
      "id",
      false,
    ],
    "endIndex": 347,
    "event": "closetag",
    "startIndex": 343,
  },
  {
    "data": [
      "
	",
    ],
    "endIndex": 349,
    "event": "text",
    "startIndex": 348,
  },
  {
    "data": [
      "updated",
    ],
    "endIndex": 358,
    "event": "opentagname",
    "startIndex": 350,
  },
  {
    "data": [
      "updated",
      {},
      false,
    ],
    "endIndex": 358,
    "event": "opentag",
    "startIndex": 350,
  },
  {
    "data": [
      "2003-12-13T18:30:02Z",
    ],
    "endIndex": 378,
    "event": "text",
    "startIndex": 359,
  },
  {
    "data": [
      "updated",
      false,
    ],
    "endIndex": 388,
    "event": "closetag",
    "startIndex": 379,
  },
  {
    "data": [
      "
	",
    ],
    "endIndex": 390,
    "event": "text",
    "startIndex": 389,
  },
  {
    "data": [
      "author",
    ],
    "endIndex": 398,
    "event": "opentagname",
    "startIndex": 391,
  },
  {
    "data": [
      "author",
      {},
      false,
    ],
    "endIndex": 398,
    "event": "opentag",
    "startIndex": 391,
  },
  {
    "data": [
      "
		",
    ],
    "endIndex": 401,
    "event": "text",
    "startIndex": 399,
  },
  {
    "data": [
      "name",
    ],
    "endIndex": 407,
    "event": "opentagname",
    "startIndex": 402,
  },
  {
    "data": [
      "name",
      {},
      false,
    ],
    "endIndex": 407,
    "event": "opentag",
    "startIndex": 402,
  },
  {
    "data": [
      "John Doe",
    ],
    "endIndex": 415,
    "event": "text",
    "startIndex": 408,
  },
  {
    "data": [
      "name",
      false,
    ],
    "endIndex": 422,
    "event": "closetag",
    "startIndex": 416,
  },
  {
    "data": [
      "
		",
    ],
    "endIndex": 425,
    "event": "text",
    "startIndex": 423,
  },
  {
    "data": [
      "email",
    ],
    "endIndex": 432,
    "event": "opentagname",
    "startIndex": 426,
  },
  {
    "data": [
      "email",
      {},
      false,
    ],
    "endIndex": 432,
    "event": "opentag",
    "startIndex": 426,
  },
  {
    "data": [
      "johndoe@example.com",
    ],
    "endIndex": 451,
    "event": "text",
    "startIndex": 433,
  },
  {
    "data": [
      "email",
      false,
    ],
    "endIndex": 459,
    "event": "closetag",
    "startIndex": 452,
  },
  {
    "data": [
      "
	",
    ],
    "endIndex": 461,
    "event": "text",
    "startIndex": 460,
  },
  {
    "data": [
      "author",
      false,
    ],
    "endIndex": 470,
    "event": "closetag",
    "startIndex": 462,
  },
  {
    "data": [
      "

	",
    ],
    "endIndex": 473,
    "event": "text",
    "startIndex": 471,
  },
  {
    "data": [
      "entry",
    ],
    "endIndex": 480,
    "event": "opentagname",
    "startIndex": 474,
  },
  {
    "data": [
      "entry",
      {},
      false,
    ],
    "endIndex": 480,
    "event": "opentag",
    "startIndex": 474,
  },
  {
    "data": [
      "
		",
    ],
    "endIndex": 483,
    "event": "text",
    "startIndex": 481,
  },
  {
    "data": [
      "title",
    ],
    "endIndex": 490,
    "event": "opentagname",
    "startIndex": 484,
  },
  {
    "data": [
      "title",
      {},
      false,
    ],
    "endIndex": 490,
    "event": "opentag",
    "startIndex": 484,
  },
  {
    "data": [
      "Atom-Powered Robots Run Amok",
    ],
    "endIndex": 518,
    "event": "text",
    "startIndex": 491,
  },
  {
    "data": [
      "title",
      false,
    ],
    "endIndex": 526,
    "event": "closetag",
    "startIndex": 519,
  },
  {
    "data": [
      "
		",
    ],
    "endIndex": 529,
    "event": "text",
    "startIndex": 527,
  },
  {
    "data": [
      "link",
    ],
    "endIndex": 535,
    "event": "opentagname",
    "startIndex": 530,
  },
  {
    "data": [
      "href",
      "http://example.org/2003/12/13/atom03",
      """,
    ],
    "endIndex": 578,
    "event": "attribute",
    "startIndex": 536,
  },
  {
    "data": [
      "link",
      {
        "href": "http://example.org/2003/12/13/atom03",
      },
      false,
    ],
    "endIndex": 581,
    "event": "opentag",
    "startIndex": 530,
  },
  {
    "data": [
      "link",
      true,
    ],
    "endIndex": 581,
    "event": "closetag",
    "startIndex": 530,
  },
  {
    "data": [
      "
		",
    ],
    "endIndex": 584,
    "event": "text",
    "startIndex": 582,
  },
  {
    "data": [
      "link",
    ],
    "endIndex": 590,
    "event": "opentagname",
    "startIndex": 585,
  },
  {
    "data": [
      "rel",
      "alternate",
      """,
    ],
    "endIndex": 605,
    "event": "attribute",
    "startIndex": 591,
  },
  {
    "data": [
      "type",
      "text/html",
      """,
    ],
    "endIndex": 622,
    "event": "attribute",
    "startIndex": 607,
  },
  {
    "data": [
      "href",
      "http://example.org/2003/12/13/atom03.html",
      """,
    ],
    "endIndex": 671,
    "event": "attribute",
    "startIndex": 624,
  },
  {
    "data": [
      "link",
      {
        "href": "http://example.org/2003/12/13/atom03.html",
        "rel": "alternate",
        "type": "text/html",
      },
      false,
    ],
    "endIndex": 673,
    "event": "opentag",
    "startIndex": 585,
  },
  {
    "data": [
      "link",
      true,
    ],
    "endIndex": 673,
    "event": "closetag",
    "startIndex": 585,
  },
  {
    "data": [
      "
		",
    ],
    "endIndex": 676,
    "event": "text",
    "startIndex": 674,
  },
  {
    "data": [
      "link",
    ],
    "endIndex": 682,
    "event": "opentagname",
    "startIndex": 677,
  },
  {
    "data": [
      "rel",
      "edit",
      """,
    ],
    "endIndex": 692,
    "event": "attribute",
    "startIndex": 683,
  },
  {
    "data": [
      "href",
      "http://example.org/2003/12/13/atom03/edit",
      """,
    ],
    "endIndex": 741,
    "event": "attribute",
    "startIndex": 694,
  },
  {
    "data": [
      "link",
      {
        "href": "http://example.org/2003/12/13/atom03/edit",
        "rel": "edit",
      },
      false,
    ],
    "endIndex": 743,
    "event": "opentag",
    "startIndex": 677,
  },
  {
    "data": [
      "link",
      true,
    ],
    "endIndex": 743,
    "event": "closetag",
    "startIndex": 677,
  },
  {
    "data": [
      "
		",
    ],
    "endIndex": 746,
    "event": "text",
    "startIndex": 744,
  },
  {
    "data": [
      "id",
    ],
    "endIndex": 750,
    "event": "opentagname",
    "startIndex": 747,
  },
  {
    "data": [
      "id",
      {},
      false,
    ],
    "endIndex": 750,
    "event": "opentag",
    "startIndex": 747,
  },
  {
    "data": [
      "urn:uuid:1225c695-cfb8-4ebb-aaaa-80da344efa6a",
    ],
    "endIndex": 795,
    "event": "text",
    "startIndex": 751,
  },
  {
    "data": [
      "id",
      false,
    ],
    "endIndex": 800,
    "event": "closetag",
    "startIndex": 796,
  },
  {
    "data": [
      "
		",
    ],
    "endIndex": 803,
    "event": "text",
    "startIndex": 801,
  },
  {
    "data": [
      "updated",
    ],
    "endIndex": 812,
    "event": "opentagname",
    "startIndex": 804,
  },
  {
    "data": [
      "updated",
      {},
      false,
    ],
    "endIndex": 812,
    "event": "opentag",
    "startIndex": 804,
  },
  {
    "data": [
      "2003-12-13T18:30:02Z",
    ],
    "endIndex": 832,
    "event": "text",
    "startIndex": 813,
  },
  {
    "data": [
      "updated",
      false,
    ],
    "endIndex": 842,
    "event": "closetag",
    "startIndex": 833,
  },
  {
    "data": [
      "
		",
    ],
    "endIndex": 845,
    "event": "text",
    "startIndex": 843,
  },
  {
    "data": [
      "content",
    ],
    "endIndex": 854,
    "event": "opentagname",
    "startIndex": 846,
  },
  {
    "data": [
      "type",
      "html",
      """,
    ],
    "endIndex": 865,
    "event": "attribute",
    "startIndex": 855,
  },
  {
    "data": [
      "content",
      {
        "type": "html",
      },
      false,
    ],
    "endIndex": 866,
    "event": "opentag",
    "startIndex": 846,
  },
  {
    "data": [
      "p",
    ],
    "endIndex": 869,
    "event": "opentagname",
    "startIndex": 867,
  },
  {
    "data": [
      "p",
      {},
      false,
    ],
    "endIndex": 869,
    "event": "opentag",
    "startIndex": 867,
  },
  {
    "data": [
      "Some content.",
    ],
    "endIndex": 882,
    "event": "text",
    "startIndex": 870,
  },
  {
    "data": [
      "p",
      false,
    ],
    "endIndex": 886,
    "event": "closetag",
    "startIndex": 883,
  },
  {
    "data": [
      "content",
      false,
    ],
    "endIndex": 896,
    "event": "closetag",
    "startIndex": 887,
  },
  {
    "data": [
      "
	",
    ],
    "endIndex": 898,
    "event": "text",
    "startIndex": 897,
  },
  {
    "data": [
      "entry",
      false,
    ],
    "endIndex": 906,
    "event": "closetag",
    "startIndex": 899,
  },
  {
    "data": [
      "

	",
    ],
    "endIndex": 909,
    "event": "text",
    "startIndex": 907,
  },
  {
    "data": [
      "entry",
    ],
    "endIndex": 916,
    "event": "opentagname",
    "startIndex": 910,
  },
  {
    "data": [
      "entry",
      {},
      false,
    ],
    "endIndex": 917,
    "event": "opentag",
    "startIndex": 910,
  },
  {
    "data": [
      "entry",
      true,
    ],
    "endIndex": 917,
    "event": "closetag",
    "startIndex": 910,
  },
  {
    "data": [
      "

",
    ],
    "endIndex": 919,
    "event": "text",
    "startIndex": 918,
  },
  {
    "data": [
      "feed",
      false,
    ],
    "endIndex": 926,
    "event": "closetag",
    "startIndex": 920,
  },
  {
    "data": [
      "
",
    ],
    "endIndex": 927,
    "event": "text",
    "startIndex": 927,
  },
]
`;

exports[`Stream Attributes 1`] = `
[
  {
    "data": [
      "!doctype",
      "!doctype html",
    ],
    "endIndex": 14,
    "event": "processinginstruction",
    "startIndex": 0,
  },
  {
    "data": [
      "
",
    ],
    "endIndex": 15,
    "event": "text",
    "startIndex": 15,
  },
  {
    "data": [
      "html",
    ],
    "endIndex": 21,
    "event": "opentagname",
    "startIndex": 16,
  },
  {
    "data": [
      "html",
      {},
      false,
    ],
    "endIndex": 21,
    "event": "opentag",
    "startIndex": 16,
  },
  {
    "data": [
      "
",
    ],
    "endIndex": 22,
    "event": "text",
    "startIndex": 22,
  },
  {
    "data": [
      "head",
    ],
    "endIndex": 28,
    "event": "opentagname",
    "startIndex": 23,
  },
  {
    "data": [
      "head",
      {},
      false,
    ],
    "endIndex": 28,
    "event": "opentag",
    "startIndex": 23,
  },
  {
    "data": [
      "
	",
    ],
    "endIndex": 30,
    "event": "text",
    "startIndex": 29,
  },
  {
    "data": [
      "title",
    ],
    "endIndex": 37,
    "event": "opentagname",
    "startIndex": 31,
  },
  {
    "data": [
      "title",
      {},
      false,
    ],
    "endIndex": 37,
    "event": "opentag",
    "startIndex": 31,
  },
  {
    "data": [
      "Attributes test",
    ],
    "endIndex": 52,
    "event": "text",
    "startIndex": 38,
  },
  {
    "data": [
      "title",
      false,
    ],
    "endIndex": 60,
    "event": "closetag",
    "startIndex": 53,
  },
  {
    "data": [
      "
",
    ],
    "endIndex": 61,
    "event": "text",
    "startIndex": 61,
  },
  {
    "data": [
      "head",
      false,
    ],
    "endIndex": 68,
    "event": "closetag",
    "startIndex": 62,
  },
  {
    "data": [
      "
",
    ],
    "endIndex": 69,
    "event": "text",
    "startIndex": 69,
  },
  {
    "data": [
      "body",
    ],
    "endIndex": 75,
    "event": "opentagname",
    "startIndex": 70,
  },
  {
    "data": [
      "body",
      {},
      false,
    ],
    "endIndex": 75,
    "event": "opentag",
    "startIndex": 70,
  },
  {
    "data": [
      "
	",
    ],
    "endIndex": 77,
    "event": "text",
    "startIndex": 76,
  },
  {
    "data": [
      " Normal attributes ",
    ],
    "endIndex": 103,
    "event": "comment",
    "startIndex": 78,
  },
  {
    "data": [],
    "endIndex": 103,
    "event": "commentend",
    "startIndex": 78,
  },
  {
    "data": [
      "
	",
    ],
    "endIndex": 105,
    "event": "text",
    "startIndex": 104,
  },
  {
    "data": [
      "button",
    ],
    "endIndex": 113,
    "event": "opentagname",
    "startIndex": 106,
  },
  {
    "data": [
      "id",
      "test0",
      """,
    ],
    "endIndex": 123,
    "event": "attribute",
    "startIndex": 114,
  },
  {
    "data": [
      "class",
      "value0",
      """,
    ],
    "endIndex": 138,
    "event": "attribute",
    "startIndex": 125,
  },
  {
    "data": [
      "title",
      "value1",
      """,
    ],
    "endIndex": 153,
    "event": "attribute",
    "startIndex": 140,
  },
  {
    "data": [
      "button",
      {
        "class": "value0",
        "id": "test0",
        "title": "value1",
      },
      false,
    ],
    "endIndex": 154,
    "event": "opentag",
    "startIndex": 106,
  },
  {
    "data": [
      "class="value0" title="value1"",
    ],
    "endIndex": 183,
    "event": "text",
    "startIndex": 155,
  },
  {
    "data": [
      "button",
      false,
    ],
    "endIndex": 192,
    "event": "closetag",
    "startIndex": 184,
  },
  {
    "data": [
      "

	",
    ],
    "endIndex": 195,
    "event": "text",
    "startIndex": 193,
  },
  {
    "data": [
      " Attributes with no quotes or value ",
    ],
    "endIndex": 238,
    "event": "comment",
    "startIndex": 196,
  },
  {
    "data": [],
    "endIndex": 238,
    "event": "commentend",
    "startIndex": 196,
  },
  {
    "data": [
      "
	",
    ],
    "endIndex": 240,
    "event": "text",
    "startIndex": 239,
  },
  {
    "data": [
      "button",
    ],
    "endIndex": 248,
    "event": "opentagname",
    "startIndex": 241,
  },
  {
    "data": [
      "id",
      "test1",
      """,
    ],
    "endIndex": 258,
    "event": "attribute",
    "startIndex": 249,
  },
  {
    "data": [
      "class",
      "value2",
      null,
    ],
    "endIndex": 272,
    "event": "attribute",
    "startIndex": 260,
  },
  {
    "data": [
      "disabled",
      "",
    ],
    "endIndex": 281,
    "event": "attribute",
    "startIndex": 273,
  },
  {
    "data": [
      "button",
      {
        "class": "value2",
        "disabled": "",
        "id": "test1",
      },
      false,
    ],
    "endIndex": 281,
    "event": "opentag",
    "startIndex": 241,
  },
  {
    "data": [
      "class=value2 disabled",
    ],
    "endIndex": 302,
    "event": "text",
    "startIndex": 282,
  },
  {
    "data": [
      "button",
      false,
    ],
    "endIndex": 311,
    "event": "closetag",
    "startIndex": 303,
  },
  {
    "data": [
      "

	",
    ],
    "endIndex": 314,
    "event": "text",
    "startIndex": 312,
  },
  {
    "data": [
      " Attributes with no space between them. No valid, but accepted by the browser ",
    ],
    "endIndex": 399,
    "event": "comment",
    "startIndex": 315,
  },
  {
    "data": [],
    "endIndex": 399,
    "event": "commentend",
    "startIndex": 315,
  },
  {
    "data": [
      "
	",
    ],
    "endIndex": 401,
    "event": "text",
    "startIndex": 400,
  },
  {
    "data": [
      "button",
    ],
    "endIndex": 409,
    "event": "opentagname",
    "startIndex": 402,
  },
  {
    "data": [
      "id",
      "test2",
      """,
    ],
    "endIndex": 419,
    "event": "attribute",
    "startIndex": 410,
  },
  {
    "data": [
      "class",
      "value4",
      """,
    ],
    "endIndex": 434,
    "event": "attribute",
    "startIndex": 421,
  },
  {
    "data": [
      "title",
      "value5",
      """,
    ],
    "endIndex": 448,
    "event": "attribute",
    "startIndex": 435,
  },
  {
    "data": [
      "button",
      {
        "class": "value4",
        "id": "test2",
        "title": "value5",
      },
      false,
    ],
    "endIndex": 449,
    "event": "opentag",
    "startIndex": 402,
  },
  {
    "data": [
      "class="value4"title="value5"",
    ],
    "endIndex": 477,
    "event": "text",
    "startIndex": 450,
  },
  {
    "data": [
      "button",
      false,
    ],
    "endIndex": 486,
    "event": "closetag",
    "startIndex": 478,
  },
  {
    "data": [
      "
",
    ],
    "endIndex": 487,
    "event": "text",
    "startIndex": 487,
  },
  {
    "data": [
      "body",
      false,
    ],
    "endIndex": 494,
    "event": "closetag",
    "startIndex": 488,
  },
  {
    "data": [
      "
",
    ],
    "endIndex": 495,
    "event": "text",
    "startIndex": 495,
  },
  {
    "data": [
      "html",
      false,
    ],
    "endIndex": 502,
    "event": "closetag",
    "startIndex": 496,
  },
]
`;

exports[`Stream Basic html 1`] = `
[
  {
    "data": [
      "!doctype",
      "!DOCTYPE html",
    ],
    "endIndex": 14,
    "event": "processinginstruction",
    "startIndex": 0,
  },
  {
    "data": [
      "html",
    ],
    "endIndex": 20,
    "event": "opentagname",
    "startIndex": 15,
  },
  {
    "data": [
      "html",
      {},
      false,
    ],
    "endIndex": 20,
    "event": "opentag",
    "startIndex": 15,
  },
  {
    "data": [
      "title",
    ],
    "endIndex": 27,
    "event": "opentagname",
    "startIndex": 21,
  },
  {
    "data": [
      "title",
      {},
      false,
    ],
    "endIndex": 27,
    "event": "opentag",
    "startIndex": 21,
  },
  {
    "data": [
      "The Title",
    ],
    "endIndex": 36,
    "event": "text",
    "startIndex": 28,
  },
  {
    "data": [
      "title",
      false,
    ],
    "endIndex": 44,
    "event": "closetag",
    "startIndex": 37,
  },
  {
    "data": [
      "body",
    ],
    "endIndex": 50,
    "event": "opentagname",
    "startIndex": 45,
  },
  {
    "data": [
      "body",
      {},
      false,
    ],
    "endIndex": 50,
    "event": "opentag",
    "startIndex": 45,
  },
  {
    "data": [
      "Hello world",
    ],
    "endIndex": 61,
    "event": "text",
    "startIndex": 51,
  },
  {
    "data": [
      "body",
      false,
    ],
    "endIndex": 68,
    "event": "closetag",
    "startIndex": 62,
  },
  {
    "data": [
      "html",
      false,
    ],
    "endIndex": 75,
    "event": "closetag",
    "startIndex": 69,
  },
]
`;

exports[`Stream RDF feed 1`] = `
[
  {
    "data": [
      "?xml",
      "?xml version="1.0" encoding="UTF-8"?",
    ],
    "endIndex": 37,
    "event": "processinginstruction",
    "startIndex": 0,
  },
  {
    "data": [
      "
",
    ],
    "endIndex": 38,
    "event": "text",
    "startIndex": 38,
  },
  {
    "data": [
      "rdf:RDF",
    ],
    "endIndex": 47,
    "event": "opentagname",
    "startIndex": 39,
  },
  {
    "data": [
      "xmlns:rdf",
      "http://www.w3.org/1999/02/22-rdf-syntax-ns#",
      """,
    ],
    "endIndex": 102,
    "event": "attribute",
    "startIndex": 48,
  },
  {
    "data": [
      "xmlns",
      "http://purl.org/rss/1.0/",
      """,
    ],
    "endIndex": 135,
    "event": "attribute",
    "startIndex": 104,
  },
  {
    "data": [
      "xmlns:ev",
      "http://purl.org/rss/1.0/modules/event/",
      """,
    ],
    "endIndex": 185,
    "event": "attribute",
    "startIndex": 137,
  },
  {
    "data": [
      "xmlns:content",
      "http://purl.org/rss/1.0/modules/content/",
      """,
    ],
    "endIndex": 242,
    "event": "attribute",
    "startIndex": 187,
  },
  {
    "data": [
      "xmlns:taxo",
      "http://purl.org/rss/1.0/modules/taxonomy/",
      """,
    ],
    "endIndex": 297,
    "event": "attribute",
    "startIndex": 244,
  },
  {
    "data": [
      "xmlns:dc",
      "http://purl.org/dc/elements/1.1/",
      """,
    ],
    "endIndex": 341,
    "event": "attribute",
    "startIndex": 299,
  },
  {
    "data": [
      "xmlns:syn",
      "http://purl.org/rss/1.0/modules/syndication/",
      """,
    ],
    "endIndex": 398,
    "event": "attribute",
    "startIndex": 343,
  },
  {
    "data": [
      "xmlns:dcterms",
      "http://purl.org/dc/terms/",
      """,
    ],
    "endIndex": 440,
    "event": "attribute",
    "startIndex": 400,
  },
  {
    "data": [
      "xmlns:admin",
      "http://webns.net/mvcb/",
      """,
    ],
    "endIndex": 477,
    "event": "attribute",
    "startIndex": 442,
  },
  {
    "data": [
      "rdf:RDF",
      {
        "xmlns": "http://purl.org/rss/1.0/",
        "xmlns:admin": "http://webns.net/mvcb/",
        "xmlns:content": "http://purl.org/rss/1.0/modules/content/",
        "xmlns:dc": "http://purl.org/dc/elements/1.1/",
        "xmlns:dcterms": "http://purl.org/dc/terms/",
        "xmlns:ev": "http://purl.org/rss/1.0/modules/event/",
        "xmlns:rdf": "http://www.w3.org/1999/02/22-rdf-syntax-ns#",
        "xmlns:syn": "http://purl.org/rss/1.0/modules/syndication/",
        "xmlns:taxo": "http://purl.org/rss/1.0/modules/taxonomy/",
      },
      false,
    ],
    "endIndex": 478,
    "event": "opentag",
    "startIndex": 39,
  },
  {
    "data": [
      "
	",
    ],
    "endIndex": 480,
    "event": "text",
    "startIndex": 479,
  },
  {
    "data": [
      "channel",
    ],
    "endIndex": 489,
    "event": "opentagname",
    "startIndex": 481,
  },
  {
    "data": [
      "rdf:about",
      "https://github.com/fb55/htmlparser2/",
      """,
    ],
    "endIndex": 537,
    "event": "attribute",
    "startIndex": 490,
  },
  {
    "data": [
      "channel",
      {
        "rdf:about": "https://github.com/fb55/htmlparser2/",
      },
      false,
    ],
    "endIndex": 538,
    "event": "opentag",
    "startIndex": 481,
  },
  {
    "data": [
      "
		",
    ],
    "endIndex": 541,
    "event": "text",
    "startIndex": 539,
  },
  {
    "data": [
      "title",
    ],
    "endIndex": 548,
    "event": "opentagname",
    "startIndex": 542,
  },
  {
    "data": [
      "title",
      {},
      false,
    ],
    "endIndex": 548,
    "event": "opentag",
    "startIndex": 542,
  },
  {
    "data": [
      "A title to parse and remember",
    ],
    "endIndex": 577,
    "event": "text",
    "startIndex": 549,
  },
  {
    "data": [
      "title",
      false,
    ],
    "endIndex": 585,
    "event": "closetag",
    "startIndex": 578,
  },
  {
    "data": [
      "
		",
    ],
    "endIndex": 588,
    "event": "text",
    "startIndex": 586,
  },
  {
    "data": [
      "link",
    ],
    "endIndex": 594,
    "event": "opentagname",
    "startIndex": 589,
  },
  {
    "data": [
      "link",
      {},
      false,
    ],
    "endIndex": 594,
    "event": "opentag",
    "startIndex": 589,
  },
  {
    "data": [
      "https://github.com/fb55/htmlparser2/",
    ],
    "endIndex": 630,
    "event": "text",
    "startIndex": 595,
  },
  {
    "data": [
      "link",
      false,
    ],
    "endIndex": 637,
    "event": "closetag",
    "startIndex": 631,
  },
  {
    "data": [
      "
		",
    ],
    "endIndex": 640,
    "event": "text",
    "startIndex": 638,
  },
  {
    "data": [
      "description",
    ],
    "endIndex": 653,
    "event": "opentagname",
    "startIndex": 641,
  },
  {
    "data": [
      "description",
      {},
      false,
    ],
    "endIndex": 654,
    "event": "opentag",
    "startIndex": 641,
  },
  {
    "data": [
      "description",
      true,
    ],
    "endIndex": 654,
    "event": "closetag",
    "startIndex": 641,
  },
  {
    "data": [
      "
		",
    ],
    "endIndex": 657,
    "event": "text",
    "startIndex": 655,
  },
  {
    "data": [
      "dc:language",
    ],
    "endIndex": 670,
    "event": "opentagname",
    "startIndex": 658,
  },
  {
    "data": [
      "dc:language",
      {},
      false,
    ],
    "endIndex": 670,
    "event": "opentag",
    "startIndex": 658,
  },
  {
    "data": [
      "en-us",
    ],
    "endIndex": 675,
    "event": "text",
    "startIndex": 671,
  },
  {
    "data": [
      "dc:language",
      false,
    ],
    "endIndex": 689,
    "event": "closetag",
    "startIndex": 676,
  },
  {
    "data": [
      "
		",
    ],
    "endIndex": 692,
    "event": "text",
    "startIndex": 690,
  },
  {
    "data": [
      "dc:rights",
    ],
    "endIndex": 703,
    "event": "opentagname",
    "startIndex": 693,
  },
  {
    "data": [
      "dc:rights",
      {},
      false,
    ],
    "endIndex": 703,
    "event": "opentag",
    "startIndex": 693,
  },
  {
    "data": [
      "Copyright 2015 the authors",
    ],
    "endIndex": 729,
    "event": "text",
    "startIndex": 704,
  },
  {
    "data": [
      "dc:rights",
      false,
    ],
    "endIndex": 741,
    "event": "closetag",
    "startIndex": 730,
  },
  {
    "data": [
      "
		",
    ],
    "endIndex": 744,
    "event": "text",
    "startIndex": 742,
  },
  {
    "data": [
      "dc:publisher",
    ],
    "endIndex": 758,
    "event": "opentagname",
    "startIndex": 745,
  },
  {
    "data": [
      "dc:publisher",
      {},
      false,
    ],
    "endIndex": 758,
    "event": "opentag",
    "startIndex": 745,
  },
  {
    "data": [
      "webmaster@thisisafakedoma.in",
    ],
    "endIndex": 786,
    "event": "text",
    "startIndex": 759,
  },
  {
    "data": [
      "dc:publisher",
      false,
    ],
    "endIndex": 801,
    "event": "closetag",
    "startIndex": 787,
  },
  {
    "data": [
      "
		",
    ],
    "endIndex": 804,
    "event": "text",
    "startIndex": 802,
  },
  {
    "data": [
      "dc:creator",
    ],
    "endIndex": 816,
    "event": "opentagname",
    "startIndex": 805,
  },
  {
    "data": [
      "dc:creator",
      {},
      false,
    ],
    "endIndex": 816,
    "event": "opentag",
    "startIndex": 805,
  },
  {
    "data": [
      "webmaster@thisisafakedoma.in",
    ],
    "endIndex": 844,
    "event": "text",
    "startIndex": 817,
  },
  {
    "data": [
      "dc:creator",
      false,
    ],
    "endIndex": 857,
    "event": "closetag",
    "startIndex": 845,
  },
  {
    "data": [
      "
		",
    ],
    "endIndex": 860,
    "event": "text",
    "startIndex": 858,
  },
  {
    "data": [
      "dc:source",
    ],
    "endIndex": 871,
    "event": "opentagname",
    "startIndex": 861,
  },
  {
    "data": [
      "dc:source",
      {},
      false,
    ],
    "endIndex": 871,
    "event": "opentag",
    "startIndex": 861,
  },
  {
    "data": [
      "https://github.com/fb55/htmlparser2/",
    ],
    "endIndex": 907,
    "event": "text",
    "startIndex": 872,
  },
  {
    "data": [
      "dc:source",
      false,
    ],
    "endIndex": 919,
    "event": "closetag",
    "startIndex": 908,
  },
  {
    "data": [
      "
		",
    ],
    "endIndex": 922,
    "event": "text",
    "startIndex": 920,
  },
  {
    "data": [
      "dc:title",
    ],
    "endIndex": 932,
    "event": "opentagname",
    "startIndex": 923,
  },
  {
    "data": [
      "dc:title",
      {},
      false,
    ],
    "endIndex": 932,
    "event": "opentag",
    "startIndex": 923,
  },
  {
    "data": [
      "A title to parse and remember",
    ],
    "endIndex": 961,
    "event": "text",
    "startIndex": 933,
  },
  {
    "data": [
      "dc:title",
      false,
    ],
    "endIndex": 972,
    "event": "closetag",
    "startIndex": 962,
  },
  {
    "data": [
      "
		",
    ],
    "endIndex": 975,
    "event": "text",
    "startIndex": 973,
  },
  {
    "data": [
      "dc:type",
    ],
    "endIndex": 984,
    "event": "opentagname",
    "startIndex": 976,
  },
  {
    "data": [
      "dc:type",
      {},
      false,
    ],
    "endIndex": 984,
    "event": "opentag",
    "startIndex": 976,
  },
  {
    "data": [
      "Collection",
    ],
    "endIndex": 994,
    "event": "text",
    "startIndex": 985,
  },
  {
    "data": [
      "dc:type",
      false,
    ],
    "endIndex": 1004,
    "event": "closetag",
    "startIndex": 995,
  },
  {
    "data": [
      "
		",
    ],
    "endIndex": 1007,
    "event": "text",
    "startIndex": 1005,
  },
  {
    "data": [
      "syn:updateBase",
    ],
    "endIndex": 1023,
    "event": "opentagname",
    "startIndex": 1008,
  },
  {
    "data": [
      "syn:updateBase",
      {},
      false,
    ],
    "endIndex": 1023,
    "event": "opentag",
    "startIndex": 1008,
  },
  {
    "data": [
      "2011-11-04T09:39:10-07:00",
    ],
    "endIndex": 1048,
    "event": "text",
    "startIndex": 1024,
  },
  {
    "data": [
      "syn:updateBase",
      false,
    ],
    "endIndex": 1065,
    "event": "closetag",
    "startIndex": 1049,
  },
  {
    "data": [
      "
		",
    ],
    "endIndex": 1068,
    "event": "text",
    "startIndex": 1066,
  },
  {
    "data": [
      "syn:updateFrequency",
    ],
    "endIndex": 1089,
    "event": "opentagname",
    "startIndex": 1069,
  },
  {
    "data": [
      "syn:updateFrequency",
      {},
      false,
    ],
    "endIndex": 1089,
    "event": "opentag",
    "startIndex": 1069,
  },
  {
    "data": [
      "4",
    ],
    "endIndex": 1090,
    "event": "text",
    "startIndex": 1090,
  },
  {
    "data": [
      "syn:updateFrequency",
      false,
    ],
    "endIndex": 1112,
    "event": "closetag",
    "startIndex": 1091,
  },
  {
    "data": [
      "
		",
    ],
    "endIndex": 1115,
    "event": "text",
    "startIndex": 1113,
  },
  {
    "data": [
      "syn:updatePeriod",
    ],
    "endIndex": 1133,
    "event": "opentagname",
    "startIndex": 1116,
  },
  {
    "data": [
      "syn:updatePeriod",
      {},
      false,
    ],
    "endIndex": 1133,
    "event": "opentag",
    "startIndex": 1116,
  },
  {
    "data": [
      "hourly",
    ],
    "endIndex": 1139,
    "event": "text",
    "startIndex": 1134,
  },
  {
    "data": [
      "syn:updatePeriod",
      false,
    ],
    "endIndex": 1158,
    "event": "closetag",
    "startIndex": 1140,
  },
  {
    "data": [
      "
		",
    ],
    "endIndex": 1161,
    "event": "text",
    "startIndex": 1159,
  },
  {
    "data": [
      "items",
    ],
    "endIndex": 1168,
    "event": "opentagname",
    "startIndex": 1162,
  },
  {
    "data": [
      "items",
      {},
      false,
    ],
    "endIndex": 1168,
    "event": "opentag",
    "startIndex": 1162,
  },
  {
    "data": [
      "
			",
    ],
    "endIndex": 1172,
    "event": "text",
    "startIndex": 1169,
  },
  {
    "data": [
      "rdf:Seq",
    ],
    "endIndex": 1181,
    "event": "opentagname",
    "startIndex": 1173,
  },
  {
    "data": [
      "rdf:Seq",
      {},
      false,
    ],
    "endIndex": 1181,
    "event": "opentag",
    "startIndex": 1173,
  },
  {
    "data": [
      "
				",
    ],
    "endIndex": 1186,
    "event": "text",
    "startIndex": 1182,
  },
  {
    "data": [
      "rdf:li",
    ],
    "endIndex": 1194,
    "event": "opentagname",
    "startIndex": 1187,
  },
  {
    "data": [
      "rdf:resource",
      "http://somefakesite/path/to/something.html",
      """,
    ],
    "endIndex": 1251,
    "event": "attribute",
    "startIndex": 1195,
  },
  {
    "data": [
      "rdf:li",
      {
        "rdf:resource": "http://somefakesite/path/to/something.html",
      },
      false,
    ],
    "endIndex": 1253,
    "event": "opentag",
    "startIndex": 1187,
  },
  {
    "data": [
      "rdf:li",
      true,
    ],
    "endIndex": 1253,
    "event": "closetag",
    "startIndex": 1187,
  },
  {
    "data": [
      "
			",
    ],
    "endIndex": 1257,
    "event": "text",
    "startIndex": 1254,
  },
  {
    "data": [
      "rdf:Seq",
      false,
    ],
    "endIndex": 1267,
    "event": "closetag",
    "startIndex": 1258,
  },
  {
    "data": [
      "
		",
    ],
    "endIndex": 1270,
    "event": "text",
    "startIndex": 1268,
  },
  {
    "data": [
      "items",
      false,
    ],
    "endIndex": 1278,
    "event": "closetag",
    "startIndex": 1271,
  },
  {
    "data": [
      "
	",
    ],
    "endIndex": 1280,
    "event": "text",
    "startIndex": 1279,
  },
  {
    "data": [
      "channel",
      false,
    ],
    "endIndex": 1290,
    "event": "closetag",
    "startIndex": 1281,
  },
  {
    "data": [
      "
	",
    ],
    "endIndex": 1292,
    "event": "text",
    "startIndex": 1291,
  },
  {
    "data": [
      "item",
    ],
    "endIndex": 1298,
    "event": "opentagname",
    "startIndex": 1293,
  },
  {
    "data": [
      "rdf:about",
      "http://somefakesite/path/to/something.html",
      """,
    ],
    "endIndex": 1352,
    "event": "attribute",
    "startIndex": 1299,
  },
  {
    "data": [
      "item",
      {
        "rdf:about": "http://somefakesite/path/to/something.html",
      },
      false,
    ],
    "endIndex": 1353,
    "event": "opentag",
    "startIndex": 1293,
  },
  {
    "data": [
      "
		",
    ],
    "endIndex": 1356,
    "event": "text",
    "startIndex": 1354,
  },
  {
    "data": [
      "title",
    ],
    "endIndex": 1363,
    "event": "opentagname",
    "startIndex": 1357,
  },
  {
    "data": [
      "title",
      {},
      false,
    ],
    "endIndex": 1363,
    "event": "opentag",
    "startIndex": 1357,
  },
  {
    "data": [],
    "endIndex": 1394,
    "event": "cdatastart",
    "startIndex": 1364,
  },
  {
    "data": [
      " Fast HTML Parsing ",
    ],
    "endIndex": 1394,
    "event": "text",
    "startIndex": 1364,
  },
  {
    "data": [],
    "endIndex": 1394,
    "event": "cdataend",
    "startIndex": 1364,
  },
  {
    "data": [
      "title",
      false,
    ],
    "endIndex": 1402,
    "event": "closetag",
    "startIndex": 1395,
  },
  {
    "data": [
      "
		",
    ],
    "endIndex": 1405,
    "event": "text",
    "startIndex": 1403,
  },
  {
    "data": [
      "link",
    ],
    "endIndex": 1411,
    "event": "opentagname",
    "startIndex": 1406,
  },
  {
    "data": [
      "link",
      {},
      false,
    ],
    "endIndex": 1411,
    "event": "opentag",
    "startIndex": 1406,
  },
  {
    "data": [
      "
http://somefakesite/path/to/something.html
",
    ],
    "endIndex": 1455,
    "event": "text",
    "startIndex": 1412,
  },
  {
    "data": [
      "link",
      false,
    ],
    "endIndex": 1462,
    "event": "closetag",
    "startIndex": 1456,
  },
  {
    "data": [
      "
		",
    ],
    "endIndex": 1465,
    "event": "text",
    "startIndex": 1463,
  },
  {
    "data": [
      "description",
    ],
    "endIndex": 1478,
    "event": "opentagname",
    "startIndex": 1466,
  },
  {
    "data": [
      "description",
      {},
      false,
    ],
    "endIndex": 1478,
    "event": "opentag",
    "startIndex": 1466,
  },
  {
    "data": [],
    "endIndex": 1560,
    "event": "cdatastart",
    "startIndex": 1479,
  },
  {
    "data": [
      "
Great test content<br>A link: <a href="http://github.com">Github</a>
",
    ],
    "endIndex": 1560,
    "event": "text",
    "startIndex": 1479,
  },
  {
    "data": [],
    "endIndex": 1560,
    "event": "cdataend",
    "startIndex": 1479,
  },
  {
    "data": [
      "description",
      false,
    ],
    "endIndex": 1574,
    "event": "closetag",
    "startIndex": 1561,
  },
  {
    "data": [
      "
		",
    ],
    "endIndex": 1577,
    "event": "text",
    "startIndex": 1575,
  },
  {
    "data": [
      "dc:date",
    ],
    "endIndex": 1586,
    "event": "opentagname",
    "startIndex": 1578,
  },
  {
    "data": [
      "dc:date",
      {},
      false,
    ],
    "endIndex": 1586,
    "event": "opentag",
    "startIndex": 1578,
  },
  {
    "data": [
      "2011-11-04T09:35:17-07:00",
    ],
    "endIndex": 1611,
    "event": "text",
    "startIndex": 1587,
  },
  {
    "data": [
      "dc:date",
      false,
    ],
    "endIndex": 1621,
    "event": "closetag",
    "startIndex": 1612,
  },
  {
    "data": [
      "
		",
    ],
    "endIndex": 1624,
    "event": "text",
    "startIndex": 1622,
  },
  {
    "data": [
      "dc:language",
    ],
    "endIndex": 1637,
    "event": "opentagname",
    "startIndex": 1625,
  },
  {
    "data": [
      "dc:language",
      {},
      false,
    ],
    "endIndex": 1637,
    "event": "opentag",
    "startIndex": 1625,
  },
  {
    "data": [
      "en-us",
    ],
    "endIndex": 1642,
    "event": "text",
    "startIndex": 1638,
  },
  {
    "data": [
      "dc:language",
      false,
    ],
    "endIndex": 1656,
    "event": "closetag",
    "startIndex": 1643,
  },
  {
    "data": [
      "
		",
    ],
    "endIndex": 1659,
    "event": "text",
    "startIndex": 1657,
  },
  {
    "data": [
      "dc:rights",
    ],
    "endIndex": 1670,
    "event": "opentagname",
    "startIndex": 1660,
  },
  {
    "data": [
      "dc:rights",
      {},
      false,
    ],
    "endIndex": 1670,
    "event": "opentag",
    "startIndex": 1660,
  },
  {
    "data": [
      "Copyright 2015 the authors",
    ],
    "endIndex": 1696,
    "event": "text",
    "startIndex": 1671,
  },
  {
    "data": [
      "dc:rights",
      false,
    ],
    "endIndex": 1708,
    "event": "closetag",
    "startIndex": 1697,
  },
  {
    "data": [
      "
		",
    ],
    "endIndex": 1711,
    "event": "text",
    "startIndex": 1709,
  },
  {
    "data": [
      "dc:source",
    ],
    "endIndex": 1722,
    "event": "opentagname",
    "startIndex": 1712,
  },
  {
    "data": [
      "dc:source",
      {},
      false,
    ],
    "endIndex": 1722,
    "event": "opentag",
    "startIndex": 1712,
  },
  {
    "data": [
      "
http://somefakesite/path/to/something.html
",
    ],
    "endIndex": 1766,
    "event": "text",
    "startIndex": 1723,
  },
  {
    "data": [
      "dc:source",
      false,
    ],
    "endIndex": 1778,
    "event": "closetag",
    "startIndex": 1767,
  },
  {
    "data": [
      "
		",
    ],
    "endIndex": 1781,
    "event": "text",
    "startIndex": 1779,
  },
  {
    "data": [
      "dc:title",
    ],
    "endIndex": 1791,
    "event": "opentagname",
    "startIndex": 1782,
  },
  {
    "data": [
      "dc:title",
      {},
      false,
    ],
    "endIndex": 1791,
    "event": "opentag",
    "startIndex": 1782,
  },
  {
    "data": [],
    "endIndex": 1822,
    "event": "cdatastart",
    "startIndex": 1792,
  },
  {
    "data": [
      " Fast HTML Parsing ",
    ],
    "endIndex": 1822,
    "event": "text",
    "startIndex": 1792,
  },
  {
    "data": [],
    "endIndex": 1822,
    "event": "cdataend",
    "startIndex": 1792,
  },
  {
    "data": [
      "dc:title",
      false,
    ],
    "endIndex": 1833,
    "event": "closetag",
    "startIndex": 1823,
  },
  {
    "data": [
      "
		",
    ],
    "endIndex": 1836,
    "event": "text",
    "startIndex": 1834,
  },
  {
    "data": [
      "dc:type",
    ],
    "endIndex": 1845,
    "event": "opentagname",
    "startIndex": 1837,
  },
  {
    "data": [
      "dc:type",
      {},
      false,
    ],
    "endIndex": 1845,
    "event": "opentag",
    "startIndex": 1837,
  },
  {
    "data": [
      "text",
    ],
    "endIndex": 1849,
    "event": "text",
    "startIndex": 1846,
  },
  {
    "data": [
      "dc:type",
      false,
    ],
    "endIndex": 1859,
    "event": "closetag",
    "startIndex": 1850,
  },
  {
    "data": [
      "
		",
    ],
    "endIndex": 1862,
    "event": "text",
    "startIndex": 1860,
  },
  {
    "data": [
      "dcterms:issued",
    ],
    "endIndex": 1878,
    "event": "opentagname",
    "startIndex": 1863,
  },
  {
    "data": [
      "dcterms:issued",
      {},
      false,
    ],
    "endIndex": 1878,
    "event": "opentag",
    "startIndex": 1863,
  },
  {
    "data": [
      "2011-11-04T09:35:17-07:00",
    ],
    "endIndex": 1903,
    "event": "text",
    "startIndex": 1879,
  },
  {
    "data": [
      "dcterms:issued",
      false,
    ],
    "endIndex": 1920,
    "event": "closetag",
    "startIndex": 1904,
  },
  {
    "data": [
      "
	",
    ],
    "endIndex": 1922,
    "event": "text",
    "startIndex": 1921,
  },
  {
    "data": [
      "item",
      false,
    ],
    "endIndex": 1929,
    "event": "closetag",
    "startIndex": 1923,
  },
  {
    "data": [
      "
	",
    ],
    "endIndex": 1931,
    "event": "text",
    "startIndex": 1930,
  },
  {
    "data": [
      "item",
    ],
    "endIndex": 1937,
    "event": "opentagname",
    "startIndex": 1932,
  },
  {
    "data": [
      "rdf:about",
      "http://somefakesite/path/to/something-else.html",
      """,
    ],
    "endIndex": 1996,
    "event": "attribute",
    "startIndex": 1938,
  },
  {
    "data": [
      "item",
      {
        "rdf:about": "http://somefakesite/path/to/something-else.html",
      },
      false,
    ],
    "endIndex": 1997,
    "event": "opentag",
    "startIndex": 1932,
  },
  {
    "data": [
      "
		",
    ],
    "endIndex": 2000,
    "event": "text",
    "startIndex": 1998,
  },
  {
    "data": [
      "title",
    ],
    "endIndex": 2007,
    "event": "opentagname",
    "startIndex": 2001,
  },
  {
    "data": [
      "title",
      {},
      false,
    ],
    "endIndex": 2007,
    "event": "opentag",
    "startIndex": 2001,
  },
  {
    "data": [],
    "endIndex": 2056,
    "event": "cdatastart",
    "startIndex": 2008,
  },
  {
    "data": [
      "
This space intentionally left blank
",
    ],
    "endIndex": 2056,
    "event": "text",
    "startIndex": 2008,
  },
  {
    "data": [],
    "endIndex": 2056,
    "event": "cdataend",
    "startIndex": 2008,
  },
  {
    "data": [
      "title",
      false,
    ],
    "endIndex": 2064,
    "event": "closetag",
    "startIndex": 2057,
  },
  {
    "data": [
      "
		",
    ],
    "endIndex": 2067,
    "event": "text",
    "startIndex": 2065,
  },
  {
    "data": [
      "link",
    ],
    "endIndex": 2073,
    "event": "opentagname",
    "startIndex": 2068,
  },
  {
    "data": [
      "link",
      {},
      false,
    ],
    "endIndex": 2073,
    "event": "opentag",
    "startIndex": 2068,
  },
  {
    "data": [
      "
http://somefakesite/path/to/something-else.html
",
    ],
    "endIndex": 2122,
    "event": "text",
    "startIndex": 2074,
  },
  {
    "data": [
      "link",
      false,
    ],
    "endIndex": 2129,
    "event": "closetag",
    "startIndex": 2123,
  },
  {
    "data": [
      "
		",
    ],
    "endIndex": 2132,
    "event": "text",
    "startIndex": 2130,
  },
  {
    "data": [
      "description",
    ],
    "endIndex": 2145,
    "event": "opentagname",
    "startIndex": 2133,
  },
  {
    "data": [
      "description",
      {},
      false,
    ],
    "endIndex": 2145,
    "event": "opentag",
    "startIndex": 2133,
  },
  {
    "data": [],
    "endIndex": 2187,
    "event": "cdatastart",
    "startIndex": 2146,
  },
  {
    "data": [
      "
The early bird gets the worm
",
    ],
    "endIndex": 2187,
    "event": "text",
    "startIndex": 2146,
  },
  {
    "data": [],
    "endIndex": 2187,
    "event": "cdataend",
    "startIndex": 2146,
  },
  {
    "data": [
      "description",
      false,
    ],
    "endIndex": 2201,
    "event": "closetag",
    "startIndex": 2188,
  },
  {
    "data": [
      "
		",
    ],
    "endIndex": 2204,
    "event": "text",
    "startIndex": 2202,
  },
  {
    "data": [
      "dc:date",
    ],
    "endIndex": 2213,
    "event": "opentagname",
    "startIndex": 2205,
  },
  {
    "data": [
      "dc:date",
      {},
      false,
    ],
    "endIndex": 2213,
    "event": "opentag",
    "startIndex": 2205,
  },
  {
    "data": [
      "2011-11-04T09:34:54-07:00",
    ],
    "endIndex": 2238,
    "event": "text",
    "startIndex": 2214,
  },
  {
    "data": [
      "dc:date",
      false,
    ],
    "endIndex": 2248,
    "event": "closetag",
    "startIndex": 2239,
  },
  {
    "data": [
      "
		",
    ],
    "endIndex": 2251,
    "event": "text",
    "startIndex": 2249,
  },
  {
    "data": [
      "dc:language",
    ],
    "endIndex": 2264,
    "event": "opentagname",
    "startIndex": 2252,
  },
  {
    "data": [
      "dc:language",
      {},
      false,
    ],
    "endIndex": 2264,
    "event": "opentag",
    "startIndex": 2252,
  },
  {
    "data": [
      "en-us",
    ],
    "endIndex": 2269,
    "event": "text",
    "startIndex": 2265,
  },
  {
    "data": [
      "dc:language",
      false,
    ],
    "endIndex": 2283,
    "event": "closetag",
    "startIndex": 2270,
  },
  {
    "data": [
      "
		",
    ],
    "endIndex": 2286,
    "event": "text",
    "startIndex": 2284,
  },
  {
    "data": [
      "dc:rights",
    ],
    "endIndex": 2297,
    "event": "opentagname",
    "startIndex": 2287,
  },
  {
    "data": [
      "dc:rights",
      {},
      false,
    ],
    "endIndex": 2297,
    "event": "opentag",
    "startIndex": 2287,
  },
  {
    "data": [
      "Copyright 2015 the authors",
    ],
    "endIndex": 2323,
    "event": "text",
    "startIndex": 2298,
  },
  {
    "data": [
      "dc:rights",
      false,
    ],
    "endIndex": 2335,
    "event": "closetag",
    "startIndex": 2324,
  },
  {
    "data": [
      "
		",
    ],
    "endIndex": 2338,
    "event": "text",
    "startIndex": 2336,
  },
  {
    "data": [
      "dc:source",
    ],
    "endIndex": 2349,
    "event": "opentagname",
    "startIndex": 2339,
  },
  {
    "data": [
      "dc:source",
      {},
      false,
    ],
    "endIndex": 2349,
    "event": "opentag",
    "startIndex": 2339,
  },
  {
    "data": [
      "
http://somefakesite/path/to/something-else.html
",
    ],
    "endIndex": 2398,
    "event": "text",
    "startIndex": 2350,
  },
  {
    "data": [
      "dc:source",
      false,
    ],
    "endIndex": 2410,
    "event": "closetag",
    "startIndex": 2399,
  },
  {
    "data": [
      "
		",
    ],
    "endIndex": 2413,
    "event": "text",
    "startIndex": 2411,
  },
  {
    "data": [
      "dc:title",
    ],
    "endIndex": 2423,
    "event": "opentagname",
    "startIndex": 2414,
  },
  {
    "data": [
      "dc:title",
      {},
      false,
    ],
    "endIndex": 2423,
    "event": "opentag",
    "startIndex": 2414,
  },
  {
    "data": [],
    "endIndex": 2472,
    "event": "cdatastart",
    "startIndex": 2424,
  },
  {
    "data": [
      "
This space intentionally left blank
",
    ],
    "endIndex": 2472,
    "event": "text",
    "startIndex": 2424,
  },
  {
    "data": [],
    "endIndex": 2472,
    "event": "cdataend",
    "startIndex": 2424,
  },
  {
    "data": [
      "dc:title",
      false,
    ],
    "endIndex": 2483,
    "event": "closetag",
    "startIndex": 2473,
  },
  {
    "data": [
      "
		",
    ],
    "endIndex": 2486,
    "event": "text",
    "startIndex": 2484,
  },
  {
    "data": [
      "dc:type",
    ],
    "endIndex": 2495,
    "event": "opentagname",
    "startIndex": 2487,
  },
  {
    "data": [
      "dc:type",
      {},
      false,
    ],
    "endIndex": 2495,
    "event": "opentag",
    "startIndex": 2487,
  },
  {
    "data": [
      "text",
    ],
    "endIndex": 2499,
    "event": "text",
    "startIndex": 2496,
  },
  {
    "data": [
      "dc:type",
      false,
    ],
    "endIndex": 2509,
    "event": "closetag",
    "startIndex": 2500,
  },
  {
    "data": [
      "
		",
    ],
    "endIndex": 2512,
    "event": "text",
    "startIndex": 2510,
  },
  {
    "data": [
      "dcterms:issued",
    ],
    "endIndex": 2528,
    "event": "opentagname",
    "startIndex": 2513,
  },
  {
    "data": [
      "dcterms:issued",
      {},
      false,
    ],
    "endIndex": 2528,
    "event": "opentag",
    "startIndex": 2513,
  },
  {
    "data": [
      "2011-11-04T09:34:54-07:00",
    ],
    "endIndex": 2553,
    "event": "text",
    "startIndex": 2529,
  },
  {
    "data": [
      "dcterms:issued",
      false,
    ],
    "endIndex": 2570,
    "event": "closetag",
    "startIndex": 2554,
  },
  {
    "data": [
      "
	",
    ],
    "endIndex": 2572,
    "event": "text",
    "startIndex": 2571,
  },
  {
    "data": [
      "item",
      false,
    ],
    "endIndex": 2579,
    "event": "closetag",
    "startIndex": 2573,
  },
  {
    "data": [
      "
",
    ],
    "endIndex": 2580,
    "event": "text",
    "startIndex": 2580,
  },
  {
    "data": [
      "rdf:RDF",
      false,
    ],
    "endIndex": 2590,
    "event": "closetag",
    "startIndex": 2581,
  },
]
`;

exports[`Stream RSS feed 1`] = `
[
  {
    "data": [
      "?xml",
      "?xml version="1.0"?",
    ],
    "endIndex": 20,
    "event": "processinginstruction",
    "startIndex": 0,
  },
  {
    "data": [
      "
",
    ],
    "endIndex": 21,
    "event": "text",
    "startIndex": 21,
  },
  {
    "data": [
      " http://cyber.law.harvard.edu/rss/examples/rss2sample.xml ",
    ],
    "endIndex": 86,
    "event": "comment",
    "startIndex": 22,
  },
  {
    "data": [],
    "endIndex": 86,
    "event": "commentend",
    "startIndex": 22,
  },
  {
    "data": [
      "
",
    ],
    "endIndex": 87,
    "event": "text",
    "startIndex": 87,
  },
  {
    "data": [
      "rss",
    ],
    "endIndex": 92,
    "event": "opentagname",
    "startIndex": 88,
  },
  {
    "data": [
      "version",
      "2.0",
      """,
    ],
    "endIndex": 105,
    "event": "attribute",
    "startIndex": 93,
  },
  {
    "data": [
      "rss",
      {
        "version": "2.0",
      },
      false,
    ],
    "endIndex": 106,
    "event": "opentag",
    "startIndex": 88,
  },
  {
    "data": [
      "
   ",
    ],
    "endIndex": 110,
    "event": "text",
    "startIndex": 107,
  },
  {
    "data": [
      "channel",
    ],
    "endIndex": 119,
    "event": "opentagname",
    "startIndex": 111,
  },
  {
    "data": [
      "channel",
      {},
      false,
    ],
    "endIndex": 119,
    "event": "opentag",
    "startIndex": 111,
  },
  {
    "data": [
      "
      ",
    ],
    "endIndex": 126,
    "event": "text",
    "startIndex": 120,
  },
  {
    "data": [
      "title",
    ],
    "endIndex": 133,
    "event": "opentagname",
    "startIndex": 127,
  },
  {
    "data": [
      "title",
      {},
      false,
    ],
    "endIndex": 133,
    "event": "opentag",
    "startIndex": 127,
  },
  {
    "data": [
      "Liftoff News",
    ],
    "endIndex": 145,
    "event": "text",
    "startIndex": 134,
  },
  {
    "data": [
      "title",
      false,
    ],
    "endIndex": 153,
    "event": "closetag",
    "startIndex": 146,
  },
  {
    "data": [
      "
      ",
    ],
    "endIndex": 160,
    "event": "text",
    "startIndex": 154,
  },
  {
    "data": [
      "link",
    ],
    "endIndex": 166,
    "event": "opentagname",
    "startIndex": 161,
  },
  {
    "data": [
      "link",
      {},
      false,
    ],
    "endIndex": 166,
    "event": "opentag",
    "startIndex": 161,
  },
  {
    "data": [
      "http://liftoff.msfc.nasa.gov/",
    ],
    "endIndex": 195,
    "event": "text",
    "startIndex": 167,
  },
  {
    "data": [
      "link",
      false,
    ],
    "endIndex": 202,
    "event": "closetag",
    "startIndex": 196,
  },
  {
    "data": [
      "
      ",
    ],
    "endIndex": 209,
    "event": "text",
    "startIndex": 203,
  },
  {
    "data": [
      "description",
    ],
    "endIndex": 222,
    "event": "opentagname",
    "startIndex": 210,
  },
  {
    "data": [
      "description",
      {},
      false,
    ],
    "endIndex": 222,
    "event": "opentag",
    "startIndex": 210,
  },
  {
    "data": [
      "Liftoff to Space Exploration.",
    ],
    "endIndex": 251,
    "event": "text",
    "startIndex": 223,
  },
  {
    "data": [
      "description",
      false,
    ],
    "endIndex": 265,
    "event": "closetag",
    "startIndex": 252,
  },
  {
    "data": [
      "
      ",
    ],
    "endIndex": 272,
    "event": "text",
    "startIndex": 266,
  },
  {
    "data": [
      "language",
    ],
    "endIndex": 282,
    "event": "opentagname",
    "startIndex": 273,
  },
  {
    "data": [
      "language",
      {},
      false,
    ],
    "endIndex": 282,
    "event": "opentag",
    "startIndex": 273,
  },
  {
    "data": [
      "en-us",
    ],
    "endIndex": 287,
    "event": "text",
    "startIndex": 283,
  },
  {
    "data": [
      "language",
      false,
    ],
    "endIndex": 298,
    "event": "closetag",
    "startIndex": 288,
  },
  {
    "data": [
      "
      ",
    ],
    "endIndex": 305,
    "event": "text",
    "startIndex": 299,
  },
  {
    "data": [
      "pubDate",
    ],
    "endIndex": 314,
    "event": "opentagname",
    "startIndex": 306,
  },
  {
    "data": [
      "pubDate",
      {},
      false,
    ],
    "endIndex": 314,
    "event": "opentag",
    "startIndex": 306,
  },
  {
    "data": [
      "Tue, 10 Jun 2003 04:00:00 GMT",
    ],
    "endIndex": 343,
    "event": "text",
    "startIndex": 315,
  },
  {
    "data": [
      "pubDate",
      false,
    ],
    "endIndex": 353,
    "event": "closetag",
    "startIndex": 344,
  },
  {
    "data": [
      "

      ",
    ],
    "endIndex": 361,
    "event": "text",
    "startIndex": 354,
  },
  {
    "data": [
      "lastBuildDate",
    ],
    "endIndex": 376,
    "event": "opentagname",
    "startIndex": 362,
  },
  {
    "data": [
      "lastBuildDate",
      {},
      false,
    ],
    "endIndex": 376,
    "event": "opentag",
    "startIndex": 362,
  },
  {
    "data": [
      "Tue, 10 Jun 2003 09:41:01 GMT",
    ],
    "endIndex": 405,
    "event": "text",
    "startIndex": 377,
  },
  {
    "data": [
      "lastBuildDate",
      false,
    ],
    "endIndex": 421,
    "event": "closetag",
    "startIndex": 406,
  },
  {
    "data": [
      "
      ",
    ],
    "endIndex": 428,
    "event": "text",
    "startIndex": 422,
  },
  {
    "data": [
      "docs",
    ],
    "endIndex": 434,
    "event": "opentagname",
    "startIndex": 429,
  },
  {
    "data": [
      "docs",
      {},
      false,
    ],
    "endIndex": 434,
    "event": "opentag",
    "startIndex": 429,
  },
  {
    "data": [
      "http://blogs.law.harvard.edu/tech/rss",
    ],
    "endIndex": 471,
    "event": "text",
    "startIndex": 435,
  },
  {
    "data": [
      "docs",
      false,
    ],
    "endIndex": 478,
    "event": "closetag",
    "startIndex": 472,
  },
  {
    "data": [
      "
      ",
    ],
    "endIndex": 485,
    "event": "text",
    "startIndex": 479,
  },
  {
    "data": [
      "generator",
    ],
    "endIndex": 496,
    "event": "opentagname",
    "startIndex": 486,
  },
  {
    "data": [
      "generator",
      {},
      false,
    ],
    "endIndex": 496,
    "event": "opentag",
    "startIndex": 486,
  },
  {
    "data": [
      "Weblog Editor 2.0",
    ],
    "endIndex": 513,
    "event": "text",
    "startIndex": 497,
  },
  {
    "data": [
      "generator",
      false,
    ],
    "endIndex": 525,
    "event": "closetag",
    "startIndex": 514,
  },
  {
    "data": [
      "
      ",
    ],
    "endIndex": 532,
    "event": "text",
    "startIndex": 526,
  },
  {
    "data": [
      "managingEditor",
    ],
    "endIndex": 548,
    "event": "opentagname",
    "startIndex": 533,
  },
  {
    "data": [
      "managingEditor",
      {},
      false,
    ],
    "endIndex": 548,
    "event": "opentag",
    "startIndex": 533,
  },
  {
    "data": [
      "editor@example.com",
    ],
    "endIndex": 566,
    "event": "text",
    "startIndex": 549,
  },
  {
    "data": [
      "managingEditor",
      false,
    ],
    "endIndex": 583,
    "event": "closetag",
    "startIndex": 567,
  },
  {
    "data": [
      "
      ",
    ],
    "endIndex": 590,
    "event": "text",
    "startIndex": 584,
  },
  {
    "data": [
      "webMaster",
    ],
    "endIndex": 601,
    "event": "opentagname",
    "startIndex": 591,
  },
  {
    "data": [
      "webMaster",
      {},
      false,
    ],
    "endIndex": 601,
    "event": "opentag",
    "startIndex": 591,
  },
  {
    "data": [
      "webmaster@example.com",
    ],
    "endIndex": 622,
    "event": "text",
    "startIndex": 602,
  },
  {
    "data": [
      "webMaster",
      false,
    ],
    "endIndex": 634,
    "event": "closetag",
    "startIndex": 623,
  },
  {
    "data": [
      "
      ",
    ],
    "endIndex": 641,
    "event": "text",
    "startIndex": 635,
  },
  {
    "data": [
      "item",
    ],
    "endIndex": 647,
    "event": "opentagname",
    "startIndex": 642,
  },
  {
    "data": [
      "item",
      {},
      false,
    ],
    "endIndex": 647,
    "event": "opentag",
    "startIndex": 642,
  },
  {
    "data": [
      "

         ",
    ],
    "endIndex": 658,
    "event": "text",
    "startIndex": 648,
  },
  {
    "data": [
      "title",
    ],
    "endIndex": 665,
    "event": "opentagname",
    "startIndex": 659,
  },
  {
    "data": [
      "title",
      {},
      false,
    ],
    "endIndex": 665,
    "event": "opentag",
    "startIndex": 659,
  },
  {
    "data": [
      "Star City",
    ],
    "endIndex": 674,
    "event": "text",
    "startIndex": 666,
  },
  {
    "data": [
      "title",
      false,
    ],
    "endIndex": 682,
    "event": "closetag",
    "startIndex": 675,
  },
  {
    "data": [
      "
         ",
    ],
    "endIndex": 692,
    "event": "text",
    "startIndex": 683,
  },
  {
    "data": [
      "link",
    ],
    "endIndex": 698,
    "event": "opentagname",
    "startIndex": 693,
  },
  {
    "data": [
      "link",
      {},
      false,
    ],
    "endIndex": 698,
    "event": "opentag",
    "startIndex": 693,
  },
  {
    "data": [
      "http://liftoff.msfc.nasa.gov/news/2003/news-starcity.asp",
    ],
    "endIndex": 754,
    "event": "text",
    "startIndex": 699,
  },
  {
    "data": [
      "link",
      false,
    ],
    "endIndex": 761,
    "event": "closetag",
    "startIndex": 755,
  },
  {
    "data": [
      "
         ",
    ],
    "endIndex": 771,
    "event": "text",
    "startIndex": 762,
  },
  {
    "data": [
      "description",
    ],
    "endIndex": 784,
    "event": "opentagname",
    "startIndex": 772,
  },
  {
    "data": [
      "description",
      {},
      false,
    ],
    "endIndex": 784,
    "event": "opentag",
    "startIndex": 772,
  },
  {
    "data": [
      "How do Americans get ready to work with Russians aboard the International Space Station? They take a crash course in culture, language and protocol at Russia's <a href="http://howe.iki.rssi.ru/GCTC/gctc_e.htm">Star City</a>.",
    ],
    "endIndex": 1020,
    "event": "text",
    "startIndex": 785,
  },
  {
    "data": [
      "description",
      false,
    ],
    "endIndex": 1034,
    "event": "closetag",
    "startIndex": 1021,
  },
  {
    "data": [
      "
         ",
    ],
    "endIndex": 1044,
    "event": "text",
    "startIndex": 1035,
  },
  {
    "data": [
      "pubDate",
    ],
    "endIndex": 1053,
    "event": "opentagname",
    "startIndex": 1045,
  },
  {
    "data": [
      "pubDate",
      {},
      false,
    ],
    "endIndex": 1053,
    "event": "opentag",
    "startIndex": 1045,
  },
  {
    "data": [
      "Tue, 03 Jun 2003 09:39:21 GMT",
    ],
    "endIndex": 1082,
    "event": "text",
    "startIndex": 1054,
  },
  {
    "data": [
      "pubDate",
      false,
    ],
    "endIndex": 1092,
    "event": "closetag",
    "startIndex": 1083,
  },
  {
    "data": [
      "
         ",
    ],
    "endIndex": 1102,
    "event": "text",
    "startIndex": 1093,
  },
  {
    "data": [
      "guid",
    ],
    "endIndex": 1108,
    "event": "opentagname",
    "startIndex": 1103,
  },
  {
    "data": [
      "guid",
      {},
      false,
    ],
    "endIndex": 1108,
    "event": "opentag",
    "startIndex": 1103,
  },
  {
    "data": [
      "http://liftoff.msfc.nasa.gov/2003/06/03.html#item573",
    ],
    "endIndex": 1160,
    "event": "text",
    "startIndex": 1109,
  },
  {
    "data": [
      "guid",
      false,
    ],
    "endIndex": 1167,
    "event": "closetag",
    "startIndex": 1161,
  },
  {
    "data": [
      "

      ",
    ],
    "endIndex": 1175,
    "event": "text",
    "startIndex": 1168,
  },
  {
    "data": [
      "item",
      false,
    ],
    "endIndex": 1182,
    "event": "closetag",
    "startIndex": 1176,
  },
  {
    "data": [
      "
      ",
    ],
    "endIndex": 1189,
    "event": "text",
    "startIndex": 1183,
  },
  {
    "data": [
      "item",
    ],
    "endIndex": 1195,
    "event": "opentagname",
    "startIndex": 1190,
  },
  {
    "data": [
      "item",
      {},
      false,
    ],
    "endIndex": 1195,
    "event": "opentag",
    "startIndex": 1190,
  },
  {
    "data": [
      "
         ",
    ],
    "endIndex": 1205,
    "event": "text",
    "startIndex": 1196,
  },
  {
    "data": [
      "description",
    ],
    "endIndex": 1218,
    "event": "opentagname",
    "startIndex": 1206,
  },
  {
    "data": [
      "description",
      {},
      false,
    ],
    "endIndex": 1218,
    "event": "opentag",
    "startIndex": 1206,
  },
  {
    "data": [
      "Sky watchers in Europe, Asia, and parts of Alaska and Canada will experience a <a href="http://science.nasa.gov/headlines/y2003/30may_solareclipse.htm">partial eclipse of the Sun</a> on Saturday, May 31st.",
    ],
    "endIndex": 1435,
    "event": "text",
    "startIndex": 1219,
  },
  {
    "data": [
      "description",
      false,
    ],
    "endIndex": 1449,
    "event": "closetag",
    "startIndex": 1436,
  },
  {
    "data": [
      "
         ",
    ],
    "endIndex": 1459,
    "event": "text",
    "startIndex": 1450,
  },
  {
    "data": [
      "pubDate",
    ],
    "endIndex": 1468,
    "event": "opentagname",
    "startIndex": 1460,
  },
  {
    "data": [
      "pubDate",
      {},
      false,
    ],
    "endIndex": 1468,
    "event": "opentag",
    "startIndex": 1460,
  },
  {
    "data": [
      "Fri, 30 May 2003 11:06:42 GMT",
    ],
    "endIndex": 1497,
    "event": "text",
    "startIndex": 1469,
  },
  {
    "data": [
      "pubDate",
      false,
    ],
    "endIndex": 1507,
    "event": "closetag",
    "startIndex": 1498,
  },
  {
    "data": [
      "
         ",
    ],
    "endIndex": 1517,
    "event": "text",
    "startIndex": 1508,
  },
  {
    "data": [
      "guid",
    ],
    "endIndex": 1523,
    "event": "opentagname",
    "startIndex": 1518,
  },
  {
    "data": [
      "guid",
      {},
      false,
    ],
    "endIndex": 1523,
    "event": "opentag",
    "startIndex": 1518,
  },
  {
    "data": [
      "http://liftoff.msfc.nasa.gov/2003/05/30.html#item572",
    ],
    "endIndex": 1575,
    "event": "text",
    "startIndex": 1524,
  },
  {
    "data": [
      "guid",
      false,
    ],
    "endIndex": 1582,
    "event": "closetag",
    "startIndex": 1576,
  },
  {
    "data": [
      "

      ",
    ],
    "endIndex": 1590,
    "event": "text",
    "startIndex": 1583,
  },
  {
    "data": [
      "item",
      false,
    ],
    "endIndex": 1597,
    "event": "closetag",
    "startIndex": 1591,
  },
  {
    "data": [
      "
      ",
    ],
    "endIndex": 1604,
    "event": "text",
    "startIndex": 1598,
  },
  {
    "data": [
      "item",
    ],
    "endIndex": 1610,
    "event": "opentagname",
    "startIndex": 1605,
  },
  {
    "data": [
      "item",
      {},
      false,
    ],
    "endIndex": 1610,
    "event": "opentag",
    "startIndex": 1605,
  },
  {
    "data": [
      "
         ",
    ],
    "endIndex": 1620,
    "event": "text",
    "startIndex": 1611,
  },
  {
    "data": [
      "title",
    ],
    "endIndex": 1627,
    "event": "opentagname",
    "startIndex": 1621,
  },
  {
    "data": [
      "title",
      {},
      false,
    ],
    "endIndex": 1627,
    "event": "opentag",
    "startIndex": 1621,
  },
  {
    "data": [
      "The Engine That Does More",
    ],
    "endIndex": 1652,
    "event": "text",
    "startIndex": 1628,
  },
  {
    "data": [
      "title",
      false,
    ],
    "endIndex": 1660,
    "event": "closetag",
    "startIndex": 1653,
  },
  {
    "data": [
      "
         ",
    ],
    "endIndex": 1670,
    "event": "text",
    "startIndex": 1661,
  },
  {
    "data": [
      "link",
    ],
    "endIndex": 1676,
    "event": "opentagname",
    "startIndex": 1671,
  },
  {
    "data": [
      "link",
      {},
      false,
    ],
    "endIndex": 1676,
    "event": "opentag",
    "startIndex": 1671,
  },
  {
    "data": [
      "http://liftoff.msfc.nasa.gov/news/2003/news-VASIMR.asp",
    ],
    "endIndex": 1730,
    "event": "text",
    "startIndex": 1677,
  },
  {
    "data": [
      "link",
      false,
    ],
    "endIndex": 1737,
    "event": "closetag",
    "startIndex": 1731,
  },
  {
    "data": [
      "
         ",
    ],
    "endIndex": 1747,
    "event": "text",
    "startIndex": 1738,
  },
  {
    "data": [
      "description",
    ],
    "endIndex": 1760,
    "event": "opentagname",
    "startIndex": 1748,
  },
  {
    "data": [
      "description",
      {},
      false,
    ],
    "endIndex": 1760,
    "event": "opentag",
    "startIndex": 1748,
  },
  {
    "data": [
      "Before man travels to Mars, NASA hopes to design new engines that will let us fly through the Solar System more quickly.  The proposed VASIMR engine would do that.",
    ],
    "endIndex": 1923,
    "event": "text",
    "startIndex": 1761,
  },
  {
    "data": [
      "description",
      false,
    ],
    "endIndex": 1937,
    "event": "closetag",
    "startIndex": 1924,
  },
  {
    "data": [
      "
         ",
    ],
    "endIndex": 1947,
    "event": "text",
    "startIndex": 1938,
  },
  {
    "data": [
      "pubDate",
    ],
    "endIndex": 1956,
    "event": "opentagname",
    "startIndex": 1948,
  },
  {
    "data": [
      "pubDate",
      {},
      false,
    ],
    "endIndex": 1956,
    "event": "opentag",
    "startIndex": 1948,
  },
  {
    "data": [
      "Tue, 27 May 2003 08:37:32 GMT",
    ],
    "endIndex": 1985,
    "event": "text",
    "startIndex": 1957,
  },
  {
    "data": [
      "pubDate",
      false,
    ],
    "endIndex": 1995,
    "event": "closetag",
    "startIndex": 1986,
  },
  {
    "data": [
      "
         ",
    ],
    "endIndex": 2005,
    "event": "text",
    "startIndex": 1996,
  },
  {
    "data": [
      "guid",
    ],
    "endIndex": 2011,
    "event": "opentagname",
    "startIndex": 2006,
  },
  {
    "data": [
      "guid",
      {},
      false,
    ],
    "endIndex": 2011,
    "event": "opentag",
    "startIndex": 2006,
  },
  {
    "data": [
      "http://liftoff.msfc.nasa.gov/2003/05/27.html#item571",
    ],
    "endIndex": 2063,
    "event": "text",
    "startIndex": 2012,
  },
  {
    "data": [
      "guid",
      false,
    ],
    "endIndex": 2070,
    "event": "closetag",
    "startIndex": 2064,
  },
  {
    "data": [
      "

      ",
    ],
    "endIndex": 2078,
    "event": "text",
    "startIndex": 2071,
  },
  {
    "data": [
      "item",
      false,
    ],
    "endIndex": 2085,
    "event": "closetag",
    "startIndex": 2079,
  },
  {
    "data": [
      "
      ",
    ],
    "endIndex": 2092,
    "event": "text",
    "startIndex": 2086,
  },
  {
    "data": [
      "item",
    ],
    "endIndex": 2098,
    "event": "opentagname",
    "startIndex": 2093,
  },
  {
    "data": [
      "item",
      {},
      false,
    ],
    "endIndex": 2098,
    "event": "opentag",
    "startIndex": 2093,
  },
  {
    "data": [
      "
         ",
    ],
    "endIndex": 2108,
    "event": "text",
    "startIndex": 2099,
  },
  {
    "data": [
      "title",
    ],
    "endIndex": 2115,
    "event": "opentagname",
    "startIndex": 2109,
  },
  {
    "data": [
      "title",
      {},
      false,
    ],
    "endIndex": 2115,
    "event": "opentag",
    "startIndex": 2109,
  },
  {
    "data": [
      "Astronauts' Dirty Laundry",
    ],
    "endIndex": 2140,
    "event": "text",
    "startIndex": 2116,
  },
  {
    "data": [
      "title",
      false,
    ],
    "endIndex": 2148,
    "event": "closetag",
    "startIndex": 2141,
  },
  {
    "data": [
      "
         ",
    ],
    "endIndex": 2158,
    "event": "text",
    "startIndex": 2149,
  },
  {
    "data": [
      "link",
    ],
    "endIndex": 2164,
    "event": "opentagname",
    "startIndex": 2159,
  },
  {
    "data": [
      "link",
      {},
      false,
    ],
    "endIndex": 2164,
    "event": "opentag",
    "startIndex": 2159,
  },
  {
    "data": [
      "http://liftoff.msfc.nasa.gov/news/2003/news-laundry.asp",
    ],
    "endIndex": 2219,
    "event": "text",
    "startIndex": 2165,
  },
  {
    "data": [
      "link",
      false,
    ],
    "endIndex": 2226,
    "event": "closetag",
    "startIndex": 2220,
  },
  {
    "data": [
      "
         ",
    ],
    "endIndex": 2236,
    "event": "text",
    "startIndex": 2227,
  },
  {
    "data": [
      "description",
    ],
    "endIndex": 2249,
    "event": "opentagname",
    "startIndex": 2237,
  },
  {
    "data": [
      "description",
      {},
      false,
    ],
    "endIndex": 2249,
    "event": "opentag",
    "startIndex": 2237,
  },
  {
    "data": [
      "Compared to earlier spacecraft, the International Space Station has many luxuries, but laundry facilities are not one of them.  Instead, astronauts have other options.",
    ],
    "endIndex": 2416,
    "event": "text",
    "startIndex": 2250,
  },
  {
    "data": [
      "description",
      false,
    ],
    "endIndex": 2430,
    "event": "closetag",
    "startIndex": 2417,
  },
  {
    "data": [
      "
         ",
    ],
    "endIndex": 2440,
    "event": "text",
    "startIndex": 2431,
  },
  {
    "data": [
      "pubDate",
    ],
    "endIndex": 2449,
    "event": "opentagname",
    "startIndex": 2441,
  },
  {
    "data": [
      "pubDate",
      {},
      false,
    ],
    "endIndex": 2449,
    "event": "opentag",
    "startIndex": 2441,
  },
  {
    "data": [
      "Tue, 20 May 2003 08:56:02 GMT",
    ],
    "endIndex": 2478,
    "event": "text",
    "startIndex": 2450,
  },
  {
    "data": [
      "pubDate",
      false,
    ],
    "endIndex": 2488,
    "event": "closetag",
    "startIndex": 2479,
  },
  {
    "data": [
      "
         ",
    ],
    "endIndex": 2498,
    "event": "text",
    "startIndex": 2489,
  },
  {
    "data": [
      "guid",
    ],
    "endIndex": 2504,
    "event": "opentagname",
    "startIndex": 2499,
  },
  {
    "data": [
      "guid",
      {},
      false,
    ],
    "endIndex": 2504,
    "event": "opentag",
    "startIndex": 2499,
  },
  {
    "data": [
      "http://liftoff.msfc.nasa.gov/2003/05/20.html#item570",
    ],
    "endIndex": 2556,
    "event": "text",
    "startIndex": 2505,
  },
  {
    "data": [
      "guid",
      false,
    ],
    "endIndex": 2563,
    "event": "closetag",
    "startIndex": 2557,
  },
  {
    "data": [
      "

         ",
    ],
    "endIndex": 2574,
    "event": "text",
    "startIndex": 2564,
  },
  {
    "data": [
      "media:content",
    ],
    "endIndex": 2589,
    "event": "opentagname",
    "startIndex": 2575,
  },
  {
    "data": [
      "height",
      "200",
      """,
    ],
    "endIndex": 2601,
    "event": "attribute",
    "startIndex": 2590,
  },
  {
    "data": [
      "medium",
      "image",
      """,
    ],
    "endIndex": 2616,
    "event": "attribute",
    "startIndex": 2603,
  },
  {
    "data": [
      "url",
      "https://picsum.photos/200",
      """,
    ],
    "endIndex": 2648,
    "event": "attribute",
    "startIndex": 2618,
  },
  {
    "data": [
      "width",
      "200",
      """,
    ],
    "endIndex": 2660,
    "event": "attribute",
    "startIndex": 2650,
  },
  {
    "data": [
      "media:content",
      {
        "height": "200",
        "medium": "image",
        "url": "https://picsum.photos/200",
        "width": "200",
      },
      false,
    ],
    "endIndex": 2662,
    "event": "opentag",
    "startIndex": 2575,
  },
  {
    "data": [
      "media:content",
      true,
    ],
    "endIndex": 2662,
    "event": "closetag",
    "startIndex": 2575,
  },
  {
    "data": [
      "
      ",
    ],
    "endIndex": 2669,
    "event": "text",
    "startIndex": 2663,
  },
  {
    "data": [
      "item",
      false,
    ],
    "endIndex": 2676,
    "event": "closetag",
    "startIndex": 2670,
  },
  {
    "data": [
      "
   ",
    ],
    "endIndex": 2680,
    "event": "text",
    "startIndex": 2677,
  },
  {
    "data": [
      "channel",
      false,
    ],
    "endIndex": 2690,
    "event": "closetag",
    "startIndex": 2681,
  },
  {
    "data": [
      "
",
    ],
    "endIndex": 2691,
    "event": "text",
    "startIndex": 2691,
  },
  {
    "data": [
      "rss",
      false,
    ],
    "endIndex": 2697,
    "event": "closetag",
    "startIndex": 2692,
  },
]
`;

exports[`Stream SVG 1`] = `
[
  {
    "data": [
      "!doctype",
      "!doctype html",
    ],
    "endIndex": 14,
    "event": "processinginstruction",
    "startIndex": 0,
  },
  {
    "data": [
      "
",
    ],
    "endIndex": 15,
    "event": "text",
    "startIndex": 15,
  },
  {
    "data": [
      "html",
    ],
    "endIndex": 21,
    "event": "opentagname",
    "startIndex": 16,
  },
  {
    "data": [
      "html",
      {},
      false,
    ],
    "endIndex": 21,
    "event": "opentag",
    "startIndex": 16,
  },
  {
    "data": [
      "
",
    ],
    "endIndex": 22,
    "event": "text",
    "startIndex": 22,
  },
  {
    "data": [
      "head",
    ],
    "endIndex": 28,
    "event": "opentagname",
    "startIndex": 23,
  },
  {
    "data": [
      "head",
      {},
      false,
    ],
    "endIndex": 28,
    "event": "opentag",
    "startIndex": 23,
  },
  {
    "data": [
      "
	",
    ],
    "endIndex": 30,
    "event": "text",
    "startIndex": 29,
  },
  {
    "data": [
      "title",
    ],
    "endIndex": 37,
    "event": "opentagname",
    "startIndex": 31,
  },
  {
    "data": [
      "title",
      {},
      false,
    ],
    "endIndex": 37,
    "event": "opentag",
    "startIndex": 31,
  },
  {
    "data": [
      "SVG test",
    ],
    "endIndex": 45,
    "event": "text",
    "startIndex": 38,
  },
  {
    "data": [
      "title",
      false,
    ],
    "endIndex": 53,
    "event": "closetag",
    "startIndex": 46,
  },
  {
    "data": [
      "
",
    ],
    "endIndex": 54,
    "event": "text",
    "startIndex": 54,
  },
  {
    "data": [
      "head",
      false,
    ],
    "endIndex": 61,
    "event": "closetag",
    "startIndex": 55,
  },
  {
    "data": [
      "
",
    ],
    "endIndex": 62,
    "event": "text",
    "startIndex": 62,
  },
  {
    "data": [
      "body",
    ],
    "endIndex": 68,
    "event": "opentagname",
    "startIndex": 63,
  },
  {
    "data": [
      "body",
      {},
      false,
    ],
    "endIndex": 68,
    "event": "opentag",
    "startIndex": 63,
  },
  {
    "data": [
      "
	",
    ],
    "endIndex": 70,
    "event": "text",
    "startIndex": 69,
  },
  {
    "data": [
      "svg",
    ],
    "endIndex": 75,
    "event": "opentagname",
    "startIndex": 71,
  },
  {
    "data": [
      "version",
      "1.1",
      """,
    ],
    "endIndex": 88,
    "event": "attribute",
    "startIndex": 76,
  },
  {
    "data": [
      "xmlns",
      "http://www.w3.org/2000/svg",
      """,
    ],
    "endIndex": 123,
    "event": "attribute",
    "startIndex": 90,
  },
  {
    "data": [
      "xmlns:xlink",
      "http://www.w3.org/1999/xlink",
      """,
    ],
    "endIndex": 166,
    "event": "attribute",
    "startIndex": 125,
  },
  {
    "data": [
      "svg",
      {
        "version": "1.1",
        "xmlns": "http://www.w3.org/2000/svg",
        "xmlns:xlink": "http://www.w3.org/1999/xlink",
      },
      false,
    ],
    "endIndex": 167,
    "event": "opentag",
    "startIndex": 71,
  },
  {
    "data": [
      "
		",
    ],
    "endIndex": 170,
    "event": "text",
    "startIndex": 168,
  },
  {
    "data": [
      "title",
    ],
    "endIndex": 177,
    "event": "opentagname",
    "startIndex": 171,
  },
  {
    "data": [
      "title",
      {},
      false,
    ],
    "endIndex": 177,
    "event": "opentag",
    "startIndex": 171,
  },
  {
    "data": [
      "Test",
    ],
    "endIndex": 181,
    "event": "text",
    "startIndex": 178,
  },
  {
    "data": [
      "title",
      false,
    ],
    "endIndex": 189,
    "event": "closetag",
    "startIndex": 182,
  },
  {
    "data": [
      "
		",
    ],
    "endIndex": 192,
    "event": "text",
    "startIndex": 190,
  },
  {
    "data": [
      "animate",
    ],
    "endIndex": 201,
    "event": "opentagname",
    "startIndex": 193,
  },
  {
    "data": [
      "animate",
      {},
      false,
    ],
    "endIndex": 203,
    "event": "opentag",
    "startIndex": 193,
  },
  {
    "data": [
      "animate",
      true,
    ],
    "endIndex": 203,
    "event": "closetag",
    "startIndex": 193,
  },
  {
    "data": [
      "
		",
    ],
    "endIndex": 206,
    "event": "text",
    "startIndex": 204,
  },
  {
    "data": [
      "polygon",
    ],
    "endIndex": 215,
    "event": "opentagname",
    "startIndex": 207,
  },
  {
    "data": [
      "polygon",
      {},
      false,
    ],
    "endIndex": 217,
    "event": "opentag",
    "startIndex": 207,
  },
  {
    "data": [
      "polygon",
      true,
    ],
    "endIndex": 217,
    "event": "closetag",
    "startIndex": 207,
  },
  {
    "data": [
      "
		",
    ],
    "endIndex": 220,
    "event": "text",
    "startIndex": 218,
  },
  {
    "data": [
      "g",
    ],
    "endIndex": 223,
    "event": "opentagname",
    "startIndex": 221,
  },
  {
    "data": [
      "g",
      {},
      false,
    ],
    "endIndex": 223,
    "event": "opentag",
    "startIndex": 221,
  },
  {
    "data": [
      "
			",
    ],
    "endIndex": 227,
    "event": "text",
    "startIndex": 224,
  },
  {
    "data": [
      "path",
    ],
    "endIndex": 233,
    "event": "opentagname",
    "startIndex": 228,
  },
  {
    "data": [
      "path",
      {},
      false,
    ],
    "endIndex": 233,
    "event": "opentag",
    "startIndex": 228,
  },
  {
    "data": [
      "
				",
    ],
    "endIndex": 238,
    "event": "text",
    "startIndex": 234,
  },
  {
    "data": [
      "title",
    ],
    "endIndex": 245,
    "event": "opentagname",
    "startIndex": 239,
  },
  {
    "data": [
      "title",
      {},
      false,
    ],
    "endIndex": 245,
    "event": "opentag",
    "startIndex": 239,
  },
  {
    "data": [
      "x",
    ],
    "endIndex": 246,
    "event": "text",
    "startIndex": 246,
  },
  {
    "data": [
      "title",
      false,
    ],
    "endIndex": 254,
    "event": "closetag",
    "startIndex": 247,
  },
  {
    "data": [
      "
				",
    ],
    "endIndex": 259,
    "event": "text",
    "startIndex": 255,
  },
  {
    "data": [
      "animate",
    ],
    "endIndex": 268,
    "event": "opentagname",
    "startIndex": 260,
  },
  {
    "data": [
      "animate",
      {},
      false,
    ],
    "endIndex": 270,
    "event": "opentag",
    "startIndex": 260,
  },
  {
    "data": [
      "animate",
      true,
    ],
    "endIndex": 270,
    "event": "closetag",
    "startIndex": 260,
  },
  {
    "data": [
      "
			",
    ],
    "endIndex": 274,
    "event": "text",
    "startIndex": 271,
  },
  {
    "data": [
      "path",
      false,
    ],
    "endIndex": 281,
    "event": "closetag",
    "startIndex": 275,
  },
  {
    "data": [
      "
		",
    ],
    "endIndex": 284,
    "event": "text",
    "startIndex": 282,
  },
  {
    "data": [
      "g",
      false,
    ],
    "endIndex": 288,
    "event": "closetag",
    "startIndex": 285,
  },
  {
    "data": [
      "
	",
    ],
    "endIndex": 290,
    "event": "text",
    "startIndex": 289,
  },
  {
    "data": [
      "svg",
      false,
    ],
    "endIndex": 296,
    "event": "closetag",
    "startIndex": 291,
  },
  {
    "data": [
      "
",
    ],
    "endIndex": 297,
    "event": "text",
    "startIndex": 297,
  },
  {
    "data": [
      "body",
      false,
    ],
    "endIndex": 304,
    "event": "closetag",
    "startIndex": 298,
  },
  {
    "data": [
      "
",
    ],
    "endIndex": 305,
    "event": "text",
    "startIndex": 305,
  },
  {
    "data": [
      "html",
      false,
    ],
    "endIndex": 312,
    "event": "closetag",
    "startIndex": 306,
  },
  {
    "data": [
      "
",
    ],
    "endIndex": 313,
    "event": "text",
    "startIndex": 313,
  },
]
`;
